---
source: crates/finch-server/tests/health.rs
expression: body
---
b""
